
> portfolio-conversion@0.0.0 build
> tsc && vite build

vite v7.3.0 building client environment for production...
transforming...
✓ 995 modules transformed.
rendering chunks...
computing gzip size...
dist/index.html                     0.92 kB │ gzip:   0.48 kB
dist/assets/index-CUE9qm60.css     58.76 kB │ gzip:  10.86 kB
dist/assets/index-CihlVjCm.js   1,172.71 kB │ gzip: 331.06 kB

(!) Some chunks are larger than 500 kB after minification. Consider:
- Using dynamic import() to code-split the application
- Use build.rollupOptions.output.manualChunks to improve chunking: https://rollupjs.org/configuration-options/#output-manualchunks
- Adjust chunk size limit for this warning via build.chunkSizeWarningLimit.
✓ built in 8.08s
